// Jest Snapshot v1, https://goo.gl/fbAQLP

exports[`renders logo 1`] = `
<img
  alt="Testing Farm"
  className="logo"
  height="64"
  src="https://assets.gitlab-static.net/uploads/-/system/group/avatar/5515434/tft-logo.png"
  width="64"
/>
`;
